
Allocating common symbols
Common symbol       size              file

TCBLIST             0x4               src/kernel/rosa_ker.o
Idle_tcb            0x7c              src/kernel/rosa_scheduler.o
SystemTime          0x8               src/kernel/rosa_scheduler.o

Discarded input sections

 .text          0x00000000        0xc src/main.o
 .data          0x00000000        0x0 src/main.o
 .bss           0x00000000        0x0 src/main.o
 .text          0x00000000        0x0 src/kernel/rosa_int.o
 .data          0x00000000        0x0 src/kernel/rosa_int.o
 .bss           0x00000000        0x0 src/kernel/rosa_int.o
 .text          0x00000000        0x0 src/kernel/rosa_int_asm.o
 .data          0x00000000        0x0 src/kernel/rosa_int_asm.o
 .bss           0x00000000        0x0 src/kernel/rosa_int_asm.o
 .text          0x00000000        0xc src/kernel/rosa_ker.o
 .data          0x00000000        0x0 src/kernel/rosa_ker.o
 .bss           0x00000000        0x0 src/kernel/rosa_ker.o
 .debug_abbrev  0x00000000      0x1b9 src/kernel/rosa_ker.o
 .debug_info    0x00000000     0x148d src/kernel/rosa_ker.o
 .debug_line    0x00000000      0x3af src/kernel/rosa_ker.o
 .debug_macinfo
                0x00000000    0xdd209 src/kernel/rosa_ker.o
 .text.ROSA_init
                0x00000000       0x64 src/kernel/rosa_ker.o
 .text.ROSA_tcbCreate
                0x00000000       0xb4 src/kernel/rosa_ker.o
 .text.ROSA_tcbInstall
                0x00000000       0x74 src/kernel/rosa_ker.o
 .debug_frame   0x00000000       0x64 src/kernel/rosa_ker.o
 .debug_loc     0x00000000       0x81 src/kernel/rosa_ker.o
 .debug_pubnames
                0x00000000       0x60 src/kernel/rosa_ker.o
 .debug_aranges
                0x00000000       0x30 src/kernel/rosa_ker.o
 .debug_ranges  0x00000000       0x28 src/kernel/rosa_ker.o
 .debug_str     0x00000000      0x5f4 src/kernel/rosa_ker.o
 .comment       0x00000000       0x31 src/kernel/rosa_ker.o
 COMMON         0x00000000        0x4 src/kernel/rosa_ker.o
 .text          0x00000000       0xe0 src/kernel/rosa_ker_asm.o
 .data          0x00000000        0x0 src/kernel/rosa_ker_asm.o
 .bss           0x00000000        0x0 src/kernel/rosa_ker_asm.o
 .debug_line    0x00000000       0xab src/kernel/rosa_ker_asm.o
 .debug_info    0x00000000       0x99 src/kernel/rosa_ker_asm.o
 .debug_abbrev  0x00000000       0x14 src/kernel/rosa_ker_asm.o
 .debug_aranges
                0x00000000       0x20 src/kernel/rosa_ker_asm.o
 .text          0x00000000        0x0 src/kernel/rosa_scheduler.o
 .data          0x00000000        0x0 src/kernel/rosa_scheduler.o
 .text.Idle_Task
                0x00000000        0x8 src/kernel/rosa_scheduler.o
 .text.ROSA_Scheduler
                0x00000000       0x28 src/kernel/rosa_scheduler.o
 .text.ROSA_SchedulerSuspend
                0x00000000       0x28 src/kernel/rosa_scheduler.o
 .text.ROSA_SchedulerResume
                0x00000000       0x28 src/kernel/rosa_scheduler.o
 .text.ChangeIdleTaskPriorityToHighest
                0x00000000       0x28 src/kernel/rosa_scheduler.o
 .text.ChangeIdleTaskPriorityToLowest
                0x00000000       0x28 src/kernel/rosa_scheduler.o
 .text.Insert_Blocked
                0x00000000       0xc4 src/kernel/rosa_scheduler.o
 .text.Resume_Suspended
                0x00000000       0x6c src/kernel/rosa_scheduler.o
 .text.Insert_Supsended
                0x00000000      0x21c src/kernel/rosa_scheduler.o
 .text.Insert_Waiting
                0x00000000       0xd4 src/kernel/rosa_scheduler.o
 .data          0x00000000        0x0 src/kernel/rosa_tim.o
 .bss           0x00000000        0x0 src/kernel/rosa_tim.o
 .text          0x00000000        0x0 ../src/drivers/button.o
 .data          0x00000000        0x0 ../src/drivers/button.o
 .bss           0x00000000        0x0 ../src/drivers/button.o
 .debug_abbrev  0x00000000       0x89 ../src/drivers/button.o
 .debug_info    0x00000000      0x114 ../src/drivers/button.o
 .debug_line    0x00000000       0xc9 ../src/drivers/button.o
 .text.buttonInit
                0x00000000       0x28 ../src/drivers/button.o
 .text.isButton
                0x00000000       0x28 ../src/drivers/button.o
 .text.joystickInit
                0x00000000       0x38 ../src/drivers/button.o
 .text.isJoystickUp
                0x00000000       0x18 ../src/drivers/button.o
 .text.isJoystickDown
                0x00000000       0x18 ../src/drivers/button.o
 .text.isJoystickLeft
                0x00000000       0x18 ../src/drivers/button.o
 .text.isJoystickRight
                0x00000000       0x18 ../src/drivers/button.o
 .text.isJoystickPressed
                0x00000000       0x18 ../src/drivers/button.o
 .debug_frame   0x00000000       0xf0 ../src/drivers/button.o
 .debug_loc     0x00000000      0x158 ../src/drivers/button.o
 .debug_pubnames
                0x00000000       0xa0 ../src/drivers/button.o
 .debug_aranges
                0x00000000       0x58 ../src/drivers/button.o
 .debug_ranges  0x00000000       0x50 ../src/drivers/button.o
 .debug_str     0x00000000       0xc6 ../src/drivers/button.o
 .comment       0x00000000       0x1c ../src/drivers/button.o
 .text          0x00000000        0x0 ../src/drivers/delay.o
 .data          0x00000000        0x0 ../src/drivers/delay.o
 .bss           0x00000000        0x0 ../src/drivers/delay.o
 .debug_abbrev  0x00000000       0x5d ../src/drivers/delay.o
 .debug_info    0x00000000       0x6d ../src/drivers/delay.o
 .debug_line    0x00000000       0x47 ../src/drivers/delay.o
 .text.delay_ms
                0x00000000       0x34 ../src/drivers/delay.o
 .debug_frame   0x00000000       0x2c ../src/drivers/delay.o
 .debug_loc     0x00000000       0x2b ../src/drivers/delay.o
 .debug_pubnames
                0x00000000       0x1f ../src/drivers/delay.o
 .debug_aranges
                0x00000000       0x20 ../src/drivers/delay.o
 .debug_ranges  0x00000000       0x18 ../src/drivers/delay.o
 .debug_str     0x00000000       0x74 ../src/drivers/delay.o
 .comment       0x00000000       0x1c ../src/drivers/delay.o
 .text          0x00000000        0x0 ../src/drivers/gpio.o
 .data          0x00000000        0x0 ../src/drivers/gpio.o
 .bss           0x00000000        0x0 ../src/drivers/gpio.o
 .debug_abbrev  0x00000000      0x111 ../src/drivers/gpio.o
 .debug_info    0x00000000      0x531 ../src/drivers/gpio.o
 .debug_line    0x00000000       0xee ../src/drivers/gpio.o
 .text.gpioInit
                0x00000000       0xa8 ../src/drivers/gpio.o
 .text.gpioClear
                0x00000000       0x50 ../src/drivers/gpio.o
 .text.gpioSet  0x00000000       0x50 ../src/drivers/gpio.o
 .text.gpioToggle
                0x00000000       0x50 ../src/drivers/gpio.o
 .text.gpioGet  0x00000000       0x54 ../src/drivers/gpio.o
 .debug_frame   0x00000000       0x9c ../src/drivers/gpio.o
 .debug_loc     0x00000000       0xd7 ../src/drivers/gpio.o
 .debug_pubnames
                0x00000000       0x54 ../src/drivers/gpio.o
 .debug_aranges
                0x00000000       0x40 ../src/drivers/gpio.o
 .debug_ranges  0x00000000       0x38 ../src/drivers/gpio.o
 .debug_str     0x00000000      0x1c0 ../src/drivers/gpio.o
 .comment       0x00000000       0x1c ../src/drivers/gpio.o
 .text          0x00000000        0x0 ../src/drivers/led.o
 .data          0x00000000        0x0 ../src/drivers/led.o
 .bss           0x00000000        0x0 ../src/drivers/led.o
 .debug_abbrev  0x00000000       0xa0 ../src/drivers/led.o
 .debug_info    0x00000000       0xfb ../src/drivers/led.o
 .debug_line    0x00000000       0x84 ../src/drivers/led.o
 .rodata.C.0.9379
                0x00000000       0x20 ../src/drivers/led.o
 .text.ledInit  0x00000000       0x8c ../src/drivers/led.o
 .text.ledOn    0x00000000       0x20 ../src/drivers/led.o
 .text.ledOff   0x00000000       0x20 ../src/drivers/led.o
 .text.ledToggle
                0x00000000       0x20 ../src/drivers/led.o
 .debug_frame   0x00000000       0x80 ../src/drivers/led.o
 .debug_loc     0x00000000       0xac ../src/drivers/led.o
 .debug_pubnames
                0x00000000       0x41 ../src/drivers/led.o
 .debug_aranges
                0x00000000       0x38 ../src/drivers/led.o
 .debug_ranges  0x00000000       0x30 ../src/drivers/led.o
 .debug_str     0x00000000       0x7f ../src/drivers/led.o
 .comment       0x00000000       0x1c ../src/drivers/led.o
 .text          0x00000000       0x48 ../src/drivers/pot.o
 .data          0x00000000        0x0 ../src/drivers/pot.o
 .bss           0x00000000        0x0 ../src/drivers/pot.o
 .text          0x00000000        0x0 ../src/drivers/usart.o
 .data          0x00000000        0x0 ../src/drivers/usart.o
 .bss           0x00000000        0x0 ../src/drivers/usart.o
 .debug_abbrev  0x00000000      0x20c ../src/drivers/usart.o
 .debug_info    0x00000000     0x194a ../src/drivers/usart.o
 .debug_line    0x00000000      0x201 ../src/drivers/usart.o
 .rodata.usart_options
                0x00000000        0xc ../src/drivers/usart.o
 .text.usartReset
                0x00000000       0x70 ../src/drivers/usart.o
 .text.usartSetBaudrate
                0x00000000       0xfc ../src/drivers/usart.o
 .text.usartInit
                0x00000000      0x124 ../src/drivers/usart.o
 .text.usartWriteChar
                0x00000000       0x56 ../src/drivers/usart.o
 .text.usartWriteLine
                0x00000000       0x54 ../src/drivers/usart.o
 .rodata        0x00000000      0x108 ../src/drivers/usart.o
 .text.usartWriteValue
                0x00000000       0xb0 ../src/drivers/usart.o
 .text.usartWriteTcb
                0x00000000      0x374 ../src/drivers/usart.o
 .text.usartGetChar
                0x00000000       0x3e ../src/drivers/usart.o
 .text.usartGetLine
                0x00000000       0x9c ../src/drivers/usart.o
 .debug_frame   0x00000000      0x10c ../src/drivers/usart.o
 .debug_loc     0x00000000      0x183 ../src/drivers/usart.o
 .debug_pubnames
                0x00000000       0xb2 ../src/drivers/usart.o
 .debug_aranges
                0x00000000       0x60 ../src/drivers/usart.o
 .debug_ranges  0x00000000       0x58 ../src/drivers/usart.o
 .debug_str     0x00000000      0x6e9 ../src/drivers/usart.o
 .comment       0x00000000       0x1c ../src/drivers/usart.o
 .bss           0x00000000        0x0 ../src/kernel/rosa_tim_asm.o
 .text          0x00000000        0x0 ../src/cpu/startup/crt0.o
 .data          0x00000000        0x0 ../src/cpu/startup/crt0.o
 .bss           0x00000000        0x0 ../src/cpu/startup/crt0.o

Memory Configuration

Name             Origin             Length             Attributes
FLASH            0x80000000         0x00080000         axrl !w
INTRAM           0x00000004         0x0000fffc         axw !rl
USERPAGE         0x80800000         0x00000200
*default*        0x00000000         0xffffffff

Linker script and memory map

                0x00001000                _stack_size = 0x1000
LOAD src/main.o
LOAD src/kernel/rosa_int.o
LOAD src/kernel/rosa_int_asm.o
LOAD src/kernel/rosa_ker.o
LOAD src/kernel/rosa_ker_asm.o
LOAD src/kernel/rosa_scheduler.o
LOAD src/kernel/rosa_tim.o
START GROUP
END GROUP
LOAD ../src/drivers/button.o
LOAD ../src/drivers/delay.o
LOAD ../src/drivers/gpio.o
LOAD ../src/drivers/led.o
LOAD ../src/drivers/pot.o
LOAD ../src/drivers/usart.o
LOAD ../src/kernel/rosa_tim_asm.o
LOAD ../src/cpu/startup/crt0.o
LOAD c:/program files (x86)/atmel/studio/7.0/toolchain/avr32/avr32-gnu-toolchain/bin/../lib/gcc/avr32/4.4.7/ucr2\libgcc.a
LOAD c:/program files (x86)/atmel/studio/7.0/toolchain/avr32/avr32-gnu-toolchain/bin/../lib/gcc/avr32/4.4.7/../../../../avr32/lib/ucr2\libc.a
LOAD c:/program files (x86)/atmel/studio/7.0/toolchain/avr32/avr32-gnu-toolchain/bin/../lib/gcc/avr32/4.4.7/ucr2\libgcc.a
                0xffffffff                __max_heap_size__ = 0xffffffff
                [0xffffffff]                __heap_size__ = DEFINED (__heap_size__)?__heap_size__:__max_heap_size__
                [0x00001000]                __stack_size__ = DEFINED (__stack_size__)?__stack_size__:0x1000
                [0x00001000]                __appstack_size__ = DEFINED (__appstack_size__)?__appstack_size__:0x1000
                0x80000000                PROVIDE (__executable_start, 0x80000000)
                0x80000000                . = 0x80000000

.interp
 *(.interp)

.reset          0x80000000        0x8
 *(.reset)
 .reset         0x80000000        0x8 ../src/cpu/startup/crt0.o
                0x80000000                _start

.hash
 *(.hash)

.dynsym
 *(.dynsym)

.dynstr
 *(.dynstr)

.gnu.version
 *(.gnu.version)

.gnu.version_d
 *(.gnu.version_d)

.gnu.version_r
 *(.gnu.version_r)

.rel.init
 *(.rel.init)

.rela.init
 *(.rela.init)

.rel.text
 *(.rel.text .rel.text.* .rel.gnu.linkonce.t.*)

.rela.text
 *(.rela.text .rela.text.* .rela.gnu.linkonce.t.*)

.rel.fini
 *(.rel.fini)

.rela.fini
 *(.rela.fini)

.rel.rodata
 *(.rel.rodata .rel.rodata.* .rel.gnu.linkonce.r.*)

.rela.rodata
 *(.rela.rodata .rela.rodata.* .rela.gnu.linkonce.r.*)

.rel.data.rel.ro
 *(.rel.data.rel.ro*)

.rela.data.rel.ro
 *(.rel.data.rel.ro*)

.rel.data
 *(.rel.data .rel.data.* .rel.gnu.linkonce.d.*)

.rela.data
 *(.rela.data .rela.data.* .rela.gnu.linkonce.d.*)

.rel.tdata
 *(.rel.tdata .rel.tdata.* .rel.gnu.linkonce.td.*)

.rela.tdata
 *(.rela.tdata .rela.tdata.* .rela.gnu.linkonce.td.*)

.rel.tbss
 *(.rel.tbss .rel.tbss.* .rel.gnu.linkonce.tb.*)

.rela.tbss
 *(.rela.tbss .rela.tbss.* .rela.gnu.linkonce.tb.*)

.rel.ctors
 *(.rel.ctors)

.rela.ctors
 *(.rela.ctors)

.rel.dtors
 *(.rel.dtors)

.rela.dtors
 *(.rela.dtors)

.rel.got
 *(.rel.got)

.rela.got
 *(.rela.got)

.rel.bss
 *(.rel.bss .rel.bss.* .rel.gnu.linkonce.b.*)

.rela.bss
 *(.rela.bss .rela.bss.* .rela.gnu.linkonce.b.*)

.rel.plt
 *(.rel.plt)

.rela.plt
 *(.rela.plt)

.init
 *(.init)

.plt
 *(.plt)

.text           0x80000008      0x418
 *(.text .stub .text.* .gnu.linkonce.t.*)
 .text.main     0x80000008        0x8 src/main.o
                0x80000008                main
 .text.ROSA_yieldFromISR
                0x80000010       0x24 src/kernel/rosa_int.o
                0x80000010                ROSA_yieldFromISR
 .text.scheduler
                0x80000034       0x34 src/kernel/rosa_scheduler.o
                0x80000034                scheduler
 .text.Check_Blocked_Queue
                0x80000068        0xa src/kernel/rosa_scheduler.o
                0x80000068                Check_Blocked_Queue
 *fill*         0x80000072        0x2 d703d703
 .text.Check_Waiting_Queue
                0x80000074       0x84 src/kernel/rosa_scheduler.o
                0x80000074                Check_Waiting_Queue
 .text.Chose_A_Task_Frome_Ready_Queue
                0x800000f8       0x34 src/kernel/rosa_scheduler.o
                0x800000f8                Chose_A_Task_Frome_Ready_Queue
 .text.Insert_Ready
                0x8000012c       0xd0 src/kernel/rosa_scheduler.o
                0x8000012c                Insert_Ready
 .text          0x800001fc       0x10 src/kernel/rosa_tim.o
 .text.timerISR
                0x8000020c       0x34 src/kernel/rosa_tim.o
                0x8000020c                timerISR
 .text.timerPeriodSet
                0x80000240       0xa8 src/kernel/rosa_tim.o
                0x80000240                timerPeriodSet
 .text          0x800002e8       0xb8 ../src/kernel/rosa_tim_asm.o
                0x800002e8                timerInit
                0x80000316                timerStart
                0x80000316                timerReset
                0x80000334                timerStop
                0x80000346                timerRCSet
                0x8000035c                timerPrescaleSet
                0x8000037c                timerClearInterrupt
 .text._stext   0x800003a0       0x80 ../src/cpu/startup/crt0.o
                0x800003a0                _stext
 *(.text.*personality*)
 *(.gnu.warning)

.exception      0x80000600      0x400
 .exception     0x80000600      0x400 src/kernel/rosa_int_asm.o
                0x80000600                _evba
                0x80000748                interruptInit
                0x80000766                interruptDisable
                0x8000076a                interruptEnable
                0x8000076e                isInterruptEnabled
                0x8000077e                contextSaveFromISR
                0x800007b8                contextRestoreFromISR

.fini
 *(.fini)
                0x80000a00                PROVIDE (__etext, .)
                0x80000a00                PROVIDE (_etext, .)
                0x80000a00                PROVIDE (etext, .)

.rodata
 *(.rodata .rodata.* .gnu.linkonce.r.*)

.rodata1
 *(.rodata1)

.eh_frame_hdr
 *(.eh_frame_hdr)

.eh_frame
 *(.eh_frame)

.gcc_except_table
 *(.gcc_except_table)
 *(.gcc_except_table.*)

.lalign         0x80000a00        0x0
                0x80000a00                . = ALIGN (0x8)
                0x80000a00                PROVIDE (_data_lma, .)
                0x00000004                . = ORIGIN (INTRAM)

.dalign         0x00000004        0x4
                0x00000008                . = ALIGN (0x8)
 *fill*         0x00000004        0x4 
                0x00000008                PROVIDE (_data, .)

.eh_frame
 *(.eh_frame)

.gcc_except_table
 *(.gcc_except_table)
 *(.gcc_except_table.*)

.tdata
 *(.tdata .tdata.* .gnu.linkonce.td.*)

.tbss
 *(.tbss .tbss.* .gnu.linkonce.tb.*)
 *(.tcommon)
                0x00000008                PROVIDE (__preinit_array_start, ALIGN (0x4))

.preinit_array
 *(.preinit_array)
                0x00000008                PROVIDE (__preinit_array_end, .)
                0x00000008                PROVIDE (__init_array_start, .)

.init_array
 *(.init_array)
                0x00000008                PROVIDE (__init_array_end, .)
                0x00000008                PROVIDE (__fini_array_start, .)

.fini_array
 *(.fini_array)
                0x00000008                PROVIDE (__fini_array_end, .)

.ctors
 *crtbegin*.o(.ctors)
 *(EXCLUDE_FILE(*crtend*.o) .ctors)
 *(SORT(.ctors.*))
 *(.ctors)

.dtors
 *crtbegin*.o(.dtors)
 *(EXCLUDE_FILE(*crtend*.o) .dtors)
 *(SORT(.dtors.*))
 *(.dtors)

.jcr
 *(.jcr)

.data.rel.ro
 *(.data.rel.ro.local)
 *(.data.rel.ro*)

.dynamic
 *(.dynamic)

.got
 *(.got.plt)
 *(.got)

.ramtext
 *(.ramtext .ramtext.*)

.ddalign        0x00000008        0x0 load address 0x80000a00
                0x00000008                . = ALIGN (0x8)

.data           0x00000008        0x8 load address 0x80000a00
 *(.data .data.* .gnu.linkonce.d.*)
 .data          0x00000008        0x8 ../src/kernel/rosa_tim_asm.o
                0x00000008                timerRC
                0x0000000c                timerPrescale
 *(.gnu.linkonce.d.*personality*)

.data1
 *(.data1)

.balign         0x00000010        0x0 load address 0x80000a08
                0x00000010                . = ALIGN (0x8)
                0x00000010                PROVIDE (_edata, .)
                0x00000010                PROVIDE (edata, .)
                0x00000010                __bss_start = .

.bss            0x00000010       0x98
 *(.dynbss)
 *(.bss .bss.* .gnu.linkonce.b.*)
 .bss           0x00000010       0x14 src/kernel/rosa_scheduler.o
                0x00000010                EXECTASK
                0x00000014                READY
                0x00000018                BLOCKED
                0x0000001c                WAITING
                0x00000020                SUSPENDED
 *(COMMON)
 COMMON         0x00000024       0x84 src/kernel/rosa_scheduler.o
                0x00000024                Idle_tcb
                0x000000a0                SystemTime
                0x000000a8                . = ALIGN (0x8)
                0x000000a8                . = ALIGN (0x8)
                0x000000a8                _end = .
                0x000000a8                PROVIDE (end, .)
                0x000000a8                __heap_start__ = ALIGN (0x8)

.heap           0x000000a8     0xdf58
 *(.heap)
                0x0000df58                . = (__heap_size__ == __max_heap_size__)?((((ORIGIN (INTRAM) + 0xfffc) - __stack_size__) - __appstack_size__) - ABSOLUTE (.)):__heap_size__
 *fill*         0x000000a8     0xdf58 
                0x0000e000                __heap_end__ = .

.stab
 *(.stab)

.stabstr
 *(.stabstr)

.stab.excl
 *(.stab.excl)

.stab.exclstr
 *(.stab.exclstr)

.stab.index
 *(.stab.index)

.stab.indexstr
 *(.stab.indexstr)

.comment        0x00000000       0x30
 *(.comment)
 .comment       0x00000000       0x30 src/main.o
                                 0x31 (size before relaxing)
 .comment       0x00000000       0x31 src/kernel/rosa_int.o
 .comment       0x00000000       0x31 src/kernel/rosa_scheduler.o
 .comment       0x00000000       0x31 src/kernel/rosa_tim.o

.debug
 *(.debug)

.line
 *(.line)

.debug_srcinfo
 *(.debug_srcinfo)

.debug_sfnames
 *(.debug_sfnames)

.debug_aranges  0x00000000      0x118
 *(.debug_aranges)
 .debug_aranges
                0x00000000       0x20 src/main.o
 .debug_aranges
                0x00000020       0x20 src/kernel/rosa_int.o
 .debug_aranges
                0x00000040       0x20 src/kernel/rosa_int_asm.o
 .debug_aranges
                0x00000060       0x90 src/kernel/rosa_scheduler.o
 .debug_aranges
                0x000000f0       0x28 src/kernel/rosa_tim.o

.debug_pubnames
                0x00000000      0x23d
 *(.debug_pubnames)
 .debug_pubnames
                0x00000000       0x1b src/main.o
 .debug_pubnames
                0x0000001b       0x28 src/kernel/rosa_int.o
 .debug_pubnames
                0x00000043      0x1c8 src/kernel/rosa_scheduler.o
 .debug_pubnames
                0x0000020b       0x32 src/kernel/rosa_tim.o

.debug_info     0x00000000     0x10ba
 *(.debug_info .gnu.linkonce.wi.*)
 .debug_info    0x00000000       0xeb src/main.o
 .debug_info    0x000000eb       0x69 src/kernel/rosa_int.o
 .debug_info    0x00000154       0x99 src/kernel/rosa_int_asm.o
 .debug_info    0x000001ed      0x47e src/kernel/rosa_scheduler.o
 .debug_info    0x0000066b      0xa4f src/kernel/rosa_tim.o

.debug_abbrev   0x00000000      0x39f
 *(.debug_abbrev)
 .debug_abbrev  0x00000000       0x8d src/main.o
 .debug_abbrev  0x0000008d       0x4c src/kernel/rosa_int.o
 .debug_abbrev  0x000000d9       0x14 src/kernel/rosa_int_asm.o
 .debug_abbrev  0x000000ed      0x13e src/kernel/rosa_scheduler.o
 .debug_abbrev  0x0000022b      0x174 src/kernel/rosa_tim.o

.debug_line     0x00000000     0x104f
 *(.debug_line)
 .debug_line    0x00000000      0x2ae src/main.o
 .debug_line    0x000002ae      0x328 src/kernel/rosa_int.o
 .debug_line    0x000005d6       0xc9 src/kernel/rosa_int_asm.o
 .debug_line    0x0000069f      0x6ff src/kernel/rosa_scheduler.o
 .debug_line    0x00000d9e      0x2b1 src/kernel/rosa_tim.o

.debug_frame    0x00000000      0x25c
 *(.debug_frame)
 .debug_frame   0x00000000       0x2c src/main.o
 .debug_frame   0x0000002c       0x2c src/kernel/rosa_int.o
 .debug_frame   0x00000058      0x1bc src/kernel/rosa_scheduler.o
 .debug_frame   0x00000214       0x48 src/kernel/rosa_tim.o

.debug_str      0x00000000      0x5b6
 *(.debug_str)
 .debug_str     0x00000000       0xfd src/main.o
                                0x121 (size before relaxing)
 .debug_str     0x000000fd       0x2b src/kernel/rosa_int.o
                                 0xc6 (size before relaxing)
 .debug_str     0x00000128      0x240 src/kernel/rosa_scheduler.o
                                0x316 (size before relaxing)
 .debug_str     0x00000368      0x24e src/kernel/rosa_tim.o
                                0x2d8 (size before relaxing)

.debug_loc      0x00000000      0x331
 *(.debug_loc)
 .debug_loc     0x00000000       0x2b src/main.o
 .debug_loc     0x0000002b       0x2b src/kernel/rosa_int.o
 .debug_loc     0x00000056      0x285 src/kernel/rosa_scheduler.o
 .debug_loc     0x000002db       0x56 src/kernel/rosa_tim.o

.debug_macinfo  0x00000000   0x37560b
 *(.debug_macinfo)
 .debug_macinfo
                0x00000000    0xdd078 src/main.o
 .debug_macinfo
                0x000dd078    0xdcd6e src/kernel/rosa_int.o
 .debug_macinfo
                0x001b9de6    0xdeb45 src/kernel/rosa_scheduler.o
 .debug_macinfo
                0x0029892b    0xdcce0 src/kernel/rosa_tim.o

.debug_weaknames
 *(.debug_weaknames)

.debug_funcnames
 *(.debug_funcnames)

.debug_typenames
 *(.debug_typenames)

.debug_varnames
 *(.debug_varnames)

.appstack       0x0000e000     0x1000
                0x0000e000                _appstack = .
 *(.appstack)
                0x00001000                . = __appstack_size__
 *fill*         0x0000e000     0x1000 
                0x0000f000                _eappstack = .

.stack          0x0000f000     0x1000
                0x0000f000                _stack = .
 *(.stack)
                0x00001000                . = __stack_size__
 *fill*         0x0000f000     0x1000 
                0x00010000                _estack = .

.userpage
 *(.userpage .userpage.*)

/DISCARD/
 *(.note.GNU-stack)
OUTPUT(ROSA.elf elf32-avr32)

.debug_ranges   0x00000000       0xd8
 .debug_ranges  0x00000000       0x18 src/main.o
 .debug_ranges  0x00000018       0x18 src/kernel/rosa_int.o
 .debug_ranges  0x00000030       0x88 src/kernel/rosa_scheduler.o
 .debug_ranges  0x000000b8       0x20 src/kernel/rosa_tim.o
